     final l2 norm of the residuals      0.7592773

     number of function evaluations        18

     number of jacobian evaluations         3

     exit parameter                         1

     final approximate solution


          -0.4714355           -0.5     -0.6098633
          -0.6938477     -0.7182617     -0.7133789
          -0.6884766     -0.6108398     -0.4208984
