     final l2 norm of the residuals   3.519986e-05

     number of function evaluations         7

     number of jacobian evaluations         1

     exit parameter                         1

     final approximate solution


          -0.5706488     -0.6816254     -0.7017328
          -0.7042154     -0.7013724     -0.6918683
          -0.6657928     -0.5960336     -0.4164144
