
      fvec

           -1.181641      -1.429688      -1.606445
           -1.745117       -1.84082      -1.920898
           -1.983398      -2.023438       -2.46875
           -2.828125      -3.472656        -4.4375
           -6.046875      -9.265625      -18.92188
      fvecp - fvec

         -0.01660156     -0.0078125  -0.0009765625
          0.00390625    0.008789062     0.01074219
          0.01367188     0.01757812     0.02929688
          0.04882812      0.0703125       0.109375
           0.1679688      0.2890625        0.65625
      errd

                   0              0              0
                   0              0              0
                   0              0              0
                   0              0              0
                   0              0              0
      err

                   0              0              0
                   0              0              0
                   0              0              0
                   0              0              0
                   0              0              0
