     final l2 norm of the residuals      0.7585269

     number of function evaluations        21

     number of jacobian evaluations         2

     exit parameter                         5

     final approximate solution


          -0.4715775           -0.5     -0.6075998
          -0.6912393      -0.715058     -0.7148161
          -0.6893578     -0.6133261     -0.4219725
